[Map]
Author=SANHOK
Image Name=WORLD.BMP
Warn=YES
Scroll=VERTICAL
Wrap=YES

[Continent]
NORTH AMERICA=5
SOUTH AMERICA=2
AFRICA=3
EUROPE=5
ASIA=7
AUSTRALIA=2

[Country]
ALASKA,70,126,NORTH AMERICA,NORTHWEST TERRITORY,ALBERTA,KAMCHATKA
NORTHWEST TERRITORY,148,127,NORTH AMERICA,ALASKA,ALBERTA,ONTARIO,GREENLAND
ALBERTA,147,163,NORTH AMERICA,ALASKA,NORTHWEST TERRITORY,ONTARIO,WESTERN UNITED STATES
KAMCHATKA,806,125,ASIA,YATUSK,IRKUTSK,JAPAN,ALASKA,MONGOLIA
ONTARIO,199,167,NORTH AMERICA,NORTHWEST TERRITORY,ALBERTA,GREENLAND,QUEBEC,WESTERN UNITED STATES,EASTERN UNITED STATES
GREENLAND,324,76,NORTH AMERICA,NORTHWEST TERRITORY,ONTARIO,QUEBEC,ICELAND
WESTERN UNITED STATES,159,204,NORTH AMERICA,ALBERTA,ONTARIO,EASTERN UNITED STATES,CENTRAL AMERICA
QUEBEC,253,166,NORTH AMERICA,GREENLAND,ONTARIO,EASTERN UNITED STATES
ICELAND,380,126,EUROPE,GREENLAND,GREAT BRITAIN,SCANDINAVIA
EASTERN UNITED STATES,219,216,NORTH AMERICA,ONTARIO,QUEBEC,WESTERN UNITED STATES,CENTRAL AMERICA
CENTRAL AMERICA,183,262,NORTH AMERICA,WESTERN UNITED STATES,EASTERN UNITED STATES,VENEZUALA
VENEZUALA,259,303,SOUTH AMERICA,CENTRAL AMERICA,PERU,BRAZIL
PERU,262,349,SOUTH AMERICA,VENEZUALA,BRAZIL,ARGENTINA
BRAZIL,308,337,SOUTH AMERICA,VENEZUALA,PERU,ARGENTINA,NORTH AFRICA
ARGENTINA,263,407,SOUTH AMERICA,PERU,BRAZIL
NORTH AFRICA,420,264,AFRICA,BRAZIL,WESTERN EUROPE,SOUTHERN EUROPE,EGYPT,EAST AFRICA,CONGO
WESTERN EUROPE,423,202,EUROPE,GREAT BRITAIN,NORTHERN EUROPE,SOUTHERN EUROPE,NORTH AFRICA
SOUTHERN EUROPE,473,197,EUROPE,NORTHERN EUROPE,UKRAINE,MIDDLE EAST,EGYPT,NORTH AFRICA,WESTERN EUROPE
EGYPT,480,249,AFRICA,SOUTHERN EUROPE,NORTH AFRICA,MIDDLE EAST,EAST AFRICA
EAST AFRICA,517,298,AFRICA,EGYPT,MIDDLE EAST,CONGO,NORTH AFRICA,SOUTH AFRICA,MADAGASCAR
CONGO,475,318,AFRICA,NORTH AFRICA,EAST AFRICA,SOUTH AFRICA
SOUTH AFRICA,483,371,AFRICA,CONGO,EAST AFRICA,MADAGASCAR
MADAGASCAR,536,361,AFRICA,EAST AFRICA,SOUTH AFRICA
MIDDLE EAST,530,234,ASIA,UKRAINE,AFGHANISTAN,INDIA,SOUTHERN EUROPE,EGYPT,EAST AFRICA
GREAT BRITAIN,419,169,EUROPE,ICELAND,SCANDINAVIA,WESTERN EUROPE,NORTHERN EUROPE
SCANDINAVIA,463,127,EUROPE,ICELAND,GREAT BRITAIN,NORTHERN EUROPE,UKRAINE
NORTHERN EUROPE,460,173,EUROPE,GREAT BRITAIN,SCANDINAVIA,UKRAINE,SOUTHERN EUROPE,WESTERN EUROPE
UKRAINE,524,157,EUROPE,URAL,AFGHANISTAN,MIDDLE EAST,SOUTHERN EUROPE,NORTHERN EUROPE,SCANDINAVIA
URAL,613,136,ASIA,SIBERIA,CHINA,AFGHANISTAN,UKRAINE
AFGHANISTAN,585,192,ASIA,URAL,CHINA,INDIA,MIDDLE EAST,UKRAINE
INDIA,612,249,ASIA,CHINA,SIAM,AFGHANISTAN,MIDDLE EAST
SIBERIA,666,110,ASIA,YATUSK,IRKUTSK,MONGOLIA,CHINA,URAL
CHINA,662,217,ASIA,URAL,SIBERIA,MONGOLIA,SIAM,INDIA,AFGHANISTAN
SIAM,671,270,ASIA,CHINA,INDIA,INDONESIA
YATUSK,738,118,ASIA,SIBERIA,IRKUTSK,KAMCHATKA
IRKUTSK,698,152,ASIA,SIBERIA,YATUSK,KAMCHATKA,MONGOLIA
MONGOLIA,707,188,ASIA,SIBERIA,IRKUTSK,JAPAN,CHINA,KAMCHATKA
INDONESIA,698,314,AUSTRALIA,SIAM,NEW GUINEA,WESTERN AUSTRALIA
JAPAN,759,220,ASIA,KAMCHATKA,MONGOLIA
NEW GUINEA,768,325,AUSTRALIA,INDONESIA,WESTERN AUSTRALIA,EASTERN AUSTRALIA
WESTERN AUSTRALIA,729,373,AUSTRALIA,INDONESIA,NEW GUINEA,EASTERN AUSTRALIA
EASTERN AUSTRALIA,779,381,AUSTRALIA,WESTERN AUSTRALIA,NEW GUINEA
